{"level":"info","message":"Response time: %sms"}
{"level":"info","message":"Response time: %sms"}
{"level":"info","message":"Response time: %sms"}
{"level":"info","message":"Response time: %sms"}
{"level":"info","message":"Response time: %sms"}
{"level":"info","message":"Response time: %sms"}
{"level":"info","message":"Response time: %sms"}
{"level":"info","message":"Response time: %sms"}
{"level":"info","message":"Response time: %sms"}
{"level":"info","message":"Response time: %sms"}
{"level":"info","message":"Response time: %sms"}
{"level":"info","message":"Response time: %sms"}
{"level":"info","message":"Response time: %sms"}
{"level":"info","message":"Response time: %sms"}
{"level":"info","message":"Response time: %sms"}
{"level":"info","message":"Response time: %sms"}
{"level":"info","message":"Response time: %sms"}
{"level":"info","message":"Response time: %sms"}
{"level":"info","message":"Response time: %sms"}
{"level":"info","message":"Response time: %sms"}
{"level":"info","message":"Response time: %sms"}
{"level":"info","message":"Response time: %sms"}
{"level":"info","message":"Response time: %sms"}
{"level":"info","message":"Response time: %sms"}
{"level":"info","message":"Response time: %sms"}
{"level":"info","message":"Response time: %sms"}
{"level":"info","message":"Response time: %sms"}
{"level":"info","message":"Response time: %sms"}
{"level":"info","message":"Response time: %sms"}
{"level":"info","message":"Response time: %sms"}
{"level":"info","message":"Response time: %sms"}
{"level":"info","message":"Response time: %sms"}
{"level":"info","message":"Response time: %sms"}
{"level":"info","message":"Response time: %sms"}
{"level":"info","message":"Response time: %sms"}
{"level":"info","message":"Response time: %sms"}
{"level":"info","message":"Response time: %sms"}
{"level":"info","message":"Response time: %sms"}
{"level":"info","message":"Response time: %sms"}
{"level":"info","message":"Response time: %sms"}
{"level":"info","message":"Response time: %sms"}
{"level":"info","message":"Response time: %sms"}
{"level":"info","message":"Response time: %sms"}
{"level":"info","message":"Response time: %sms"}
{"level":"info","message":"Response time: %sms"}
{"level":"info","message":"Response time: %sms"}
{"level":"info","message":"Response time: %sms"}
{"level":"info","message":"Response time: %sms"}
{"level":"info","message":"Response time: %sms"}
{"level":"info","message":"Response time: %sms"}
{"level":"info","message":"Response time: %sms"}
{"level":"info","message":"Response time: %sms"}
{"level":"info","message":"Response time: %sms"}
{"level":"info","message":"Response time: %sms"}
{"level":"info","message":"Response time: %sms"}
{"level":"info","message":"Response time: %sms"}
{"level":"info","message":"Response time: %sms"}
{"level":"info","message":"Response time: %sms"}
{"level":"info","message":"Response time: %sms"}
{"level":"info","message":"Response time: %sms"}
{"level":"info","message":"Response time: %sms"}
{"level":"info","message":"Response time: %sms"}
{"level":"info","message":"Response time: %sms"}
{"level":"info","message":"Response time: %sms"}
{"level":"info","message":"Response time: %sms"}
{"level":"info","message":"Response time: %sms"}
{"level":"info","message":"Response time: %sms"}
{"level":"info","message":"Response time: %sms"}
{"level":"info","message":"Response time: %sms"}
{"level":"info","message":"Response time: %sms"}
{"level":"info","message":"Response time: %sms"}
{"level":"info","message":"Response time: %sms"}
{"level":"info","message":"Response time: %sms"}
{"level":"info","message":"Response time: %sms"}
{"level":"info","message":"Response time: %sms"}
{"level":"info","message":"Response time: %sms"}
{"level":"info","message":"Response time: %sms"}
{"level":"info","message":"Response time: %sms"}
{"level":"info","message":"User: Timu2r (6489770824), Message: \"/start\", Response time: 124ms"}
{"level":"info","message":"User: XxaTtabbi4 (5123923593), Message: \"/start\", Response time: 200ms"}
{"level":"info","message":"User: XxaTtabbi4 (5123923593), Message: \"Что мы делаем\", Response time: 191ms"}
{"level":"info","message":"User: XxaTtabbi4 (5123923593), Message: \"Тарифы и кейсы\", Response time: 139ms"}
{"level":"info","message":"User: XxaTtabbi4 (5123923593), Message: \"Частые вопросы\", Response time: 129ms"}
{"level":"info","message":"Non-message update processed, Response time: 195ms"}
{"level":"info","message":"Non-message update processed, Response time: 229ms"}
{"level":"info","message":"Non-message update processed, Response time: 124ms"}
{"level":"info","message":"Non-message update processed, Response time: 135ms"}
{"level":"info","message":"Non-message update processed, Response time: 196ms"}
{"level":"info","message":"Non-message update processed, Response time: 188ms"}
{"level":"info","message":"User: XxaTtabbi4 (5123923593), Message: \"Тарифы и кейсы\", Response time: 190ms"}
{"level":"info","message":"User: XxaTtabbi4 (5123923593), Message: \"Тарифы и кейсы\", Response time: 148ms"}
{"level":"info","message":"User: XxaTtabbi4 (5123923593), Message: \"Тарифы и кейсы\", Response time: 373ms"}
{"level":"info","message":"User: XxaTtabbi4 (5123923593), Message: \"Тарифы и кейсы\", Response time: 396ms"}
{"level":"info","message":"User: XxaTtabbi4 (5123923593), Message: \"Тарифы и кейсы\", Response time: 418ms"}
{"level":"info","message":"User: XxaTtabbi4 (5123923593), Message: \"Тарифы и кейсы\", Response time: 445ms"}
{"level":"info","message":"User: XxaTtabbi4 (5123923593), Message: \"Тарифы и кейсы\", Response time: 474ms"}
{"level":"info","message":"User: XxaTtabbi4 (5123923593), Message: \"Тарифы и кейсы\", Response time: 496ms"}
{"level":"info","message":"User: XxaTtabbi4 (5123923593), Message: \"Тарифы и кейсы\", Response time: 516ms"}
{"level":"info","message":"User: XxaTtabbi4 (5123923593), Message: \"Тарифы и кейсы\", Response time: 546ms"}
{"level":"info","message":"User: XxaTtabbi4 (5123923593), Message: \"Тарифы и кейсы\", Response time: 574ms"}
{"level":"info","message":"User: XxaTtabbi4 (5123923593), Message: \"Тарифы и кейсы\", Response time: 610ms"}
{"level":"info","message":"User: XxaTtabbi4 (5123923593), Message: \"Тарифы и кейсы\", Response time: 626ms"}
{"level":"info","message":"User: XxaTtabbi4 (5123923593), Message: \"Тарифы и кейсы\", Response time: 659ms"}
{"level":"info","message":"User: XxaTtabbi4 (5123923593), Message: \"Тарифы и кейсы\", Response time: 683ms"}
{"level":"info","message":"User: XxaTtabbi4 (5123923593), Message: \"Тарифы и кейсы\", Response time: 709ms"}
{"level":"info","message":"User: XxaTtabbi4 (5123923593), Message: \"☺️\", Response time: 727ms"}
{"level":"info","message":"User: XxaTtabbi4 (5123923593), Message: \"Тарифы и кейсы\", Response time: 129ms"}
{"level":"info","message":"User: sceptichno (7302591262), Message: \"/start\", Response time: 188ms"}
{"level":"info","message":"User: sceptichno (7302591262), Message: \"Что мы делаем\", Response time: 202ms"}
{"level":"info","message":"User: sceptichno (7302591262), Message: \"сосем хуй мы\", Response time: 150ms"}
{"level":"info","message":"User: sceptichno (7302591262), Message: \"сколько стоит отсосать хуй\", Response time: 191ms"}
{"level":"info","message":"User: sceptichno (7302591262), Message: \"Частые вопросы\", Response time: 124ms"}
{"level":"info","message":"Non-message update processed, Response time: 116ms"}
{"level":"info","message":"User: sceptichno (7302591262), Message: \"можно со мной поработаете я еблан\", Response time: 121ms"}
{"level":"info","message":"User: XxaTtabbi4 (5123923593), Message: \"Тарифы и кейсы\", Response time: 217ms"}
{"level":"info","message":"User: XxaTtabbi4 (5123923593), Message: \"Частые вопросы\", Response time: 130ms"}
{"level":"info","message":"Non-message update processed, Response time: 117ms"}
{"level":"info","message":"Non-message update processed, Response time: 118ms"}
{"level":"info","message":"Non-message update processed, Response time: 118ms"}
{"level":"info","message":"Non-message update processed, Response time: 120ms"}
{"level":"info","message":"Non-message update processed, Response time: 123ms"}
{"level":"info","message":"Non-message update processed, Response time: 120ms"}
{"level":"info","message":"Non-message update processed, Response time: 114ms"}
{"level":"info","message":"Non-message update processed, Response time: 122ms"}
{"level":"info","message":"Non-message update processed, Response time: 120ms"}
{"level":"info","message":"Non-message update processed, Response time: 118ms"}
{"level":"info","message":"Non-message update processed, Response time: 119ms"}
{"level":"info","message":"Non-message update processed, Response time: 115ms"}
{"level":"info","message":"User: XxaTtabbi4 (5123923593), Message: \"Оставить заявку\", Response time: 117ms"}
{"level":"info","message":"User: XxaTtabbi4 (5123923593), Message: \"2\", Response time: 135ms"}
{"level":"info","message":"User: XxaTtabbi4 (5123923593), Message: \"2\", Response time: 126ms"}
{"level":"info","message":"User: XxaTtabbi4 (5123923593), Message: \"3\", Response time: 119ms"}
{"level":"info","message":"User: sceptichno (7302591262), Message: \"тариф на золотой дождь подняли?\", Response time: 127ms"}
{"level":"info","message":"User: sceptichno (7302591262), Message: \"Тарифы и кейсы\", Response time: 131ms"}
{"level":"info","message":"User: XxaTtabbi4 (5123923593), Message: \"Оставить заявку\", Response time: 118ms"}
{"level":"info","message":"User: XxaTtabbi4 (5123923593), Message: \"Оставить заявку\", Response time: 123ms"}
{"level":"info","message":"User: XxaTtabbi4 (5123923593), Message: \"Оставить заявку\", Response time: 120ms"}
{"level":"info","message":"User: XxaTtabbi4 (5123923593), Message: \"Оставить заявку\", Response time: 122ms"}
{"level":"info","message":"User: XxaTtabbi4 (5123923593), Message: \"Оставить заявку\", Response time: 125ms"}
{"level":"info","message":"User: XxaTtabbi4 (5123923593), Message: \"Оставить заявку\", Response time: 121ms"}
{"level":"info","message":"User: XxaTtabbi4 (5123923593), Message: \"Оставить заявку\", Response time: 334ms"}
{"level":"info","message":"User: XxaTtabbi4 (5123923593), Message: \"Оставить заявку\", Response time: 123ms"}
{"level":"info","message":"User: XxaTtabbi4 (5123923593), Message: \"Оставить заявку\", Response time: 147ms"}
{"level":"info","message":"User: XxaTtabbi4 (5123923593), Message: \"Что мы делаем\", Response time: 362ms"}
{"level":"info","message":"User: XxaTtabbi4 (5123923593), Message: \"Оставить заявку\", Response time: 159ms"}
{"level":"info","message":"User: XxaTtabbi4 (5123923593), Message: \"Связаться с нами\", Response time: 124ms"}
{"level":"info","message":"User: XxaTtabbi4 (5123923593), Message: \"Оставить заявку\", Response time: 198ms"}
